<h1>Hello World!</h1>
<a name="lorem-ipsum"></a>
<h2>Lorem ipsum</h2>
<p>Lorem ipsum</p>
<h3>Foo bar!</h3>
<ul>
<li>Foo</li>
<li>Bar</li>
</ul>
<h4>Bar baz</h4>