<h1>Hello World!</h1><a name="hello-world"></a>
<h2>Lorem ipsum</h2><a name="lorem-ipsum"></a>
<p>Lorem ipsum</p>
<h3>Foo bar!</h3>
<h4>Bar baz</h4>